// Jest Snapshot v1, https://goo.gl/fbAQLP

exports[`Films should match snapshot 1`] = `
<div>
  <div
    class="films-panel"
  >
    <h1>
      Film list
    </h1>
    <div
      class="films"
      data-testid="films"
    >
      <div
        class="film"
      >
        <div
          class="title"
        >
          <strong>
            A
          </strong>
        </div>
        <div
          class="episode"
        >
          Episode 
          1
        </div>
      </div>
    </div>
  </div>
</div>
`;
